[2025-02-23 19:49:11] [INFO]: INFO message
[2025-02-23 19:49:11] [ERROR]: ERROR message
[2025-02-23 19:49:11] [DEBUG]: DEBUG message (now it appears)
[2025-02-23 19:57:49] [INFO]: 
[2025-02-23 19:57:49] [ERROR]: 
[2025-02-23 19:57:49] [DEBUG]: 
[2025-02-23 20:09:53] [INFO]: 
[2025-02-23 20:09:53] [ERROR]: 
[2025-02-23 20:09:53] [DEBUG]: 
